m: custom {
    x: int;
    f : () -> void {
        a: int;
        b: int;
    }
};
