[BEGIN GLOBALS]
func
[END GLOBALS]
[BEGIN <init> LOCALS]
[END <init> LOCALS]
fun_<init>: enter <init>
lbl_0:      leave <init>
[BEGIN func LOCALS]
a (local var of 8 bytes)
b (local var of 8 bytes)
tmp0 (tmp var of 8 bytes)
tmp1 (tmp var of 8 bytes)
[END func LOCALS]
fun_func:   enter func
            [tmp0] := [a] ADD64 4
            [a] := [tmp0]
            [tmp1] := [a] ADD64 3
            [b] := [tmp1]
            [a] := [a] ADD64 1
lbl_1:      leave func