[BEGIN GLOBALS]
main
[END GLOBALS]
[BEGIN <init> LOCALS]
[END <init> LOCALS]
fun_<init>: enter <init>
lbl_0:      leave <init>
[BEGIN main LOCALS]
a (local var of 8 bytes)
b (local var of 8 bytes)
tmp0 (tmp var of 8 bytes)
tmp1 (tmp var of 8 bytes)
[END main LOCALS]
main:       enter main
            call randBool
            getret [tmp0]
            IFZ [tmp0] GOTO lbl_2
            [a] := 8
            goto lbl_3
lbl_2:      nop
            [a] := 5
lbl_3:      nop
            call randBool
            getret [tmp1]
            [b] := [tmp1]
lbl_1:      leave main