FATAL [3,2]-[3,7]: Non-lval assignment
Type Analysis Failed
