FATAL [19,5]-[19,9]: Function call with wrong number of args
FATAL [20,5]-[20,12]: Type of actual does not match type of formal
FATAL [20,5]-[20,12]: Type of actual does not match type of formal
FATAL [21,5]-[21,8]: Attempt to call a non-function
Type Analysis Failed
