FATAL [4,5]-[4,13]: Return with a value in void function
Type Analysis Failed
