FATAL [4,5]-[4,13]: Bad return value
Type Analysis Failed
