FATAL [5,2]-[5,13]: Attempt to output a class
Type Analysis Failed
